\BOOKMARK [0][-]{chapter*.1}{\376\377\000R\000e\000s\000u\000m\000e\000n}{}% 1
\BOOKMARK [0][-]{chapter*.3}{\376\377\000A\000b\000s\000t\000r\000a\000c\000t}{}% 2
\BOOKMARK [0][-]{chapter*.4}{\376\377\000A\000g\000r\000a\000d\000e\000c\000i\000m\000i\000e\000n\000t\000o\000s}{}% 3
\BOOKMARK [0][-]{chapter*.5}{\376\377\000\315\000n\000d\000i\000c\000e\000\040\000g\000e\000n\000e\000r\000a\000l}{}% 4
\BOOKMARK [0][-]{chapter*.14}{\376\377\000\315\000n\000d\000i\000c\000e\000\040\000d\000e\000\040\000c\000u\000a\000d\000r\000o\000s}{}% 5
\BOOKMARK [0][-]{chapter*.15}{\376\377\000\315\000n\000d\000i\000c\000e\000\040\000d\000e\000\040\000f\000i\000g\000u\000r\000a\000s}{}% 6
\BOOKMARK [0][-]{chapter*.20}{\376\377\000L\000i\000s\000t\000a\000d\000o\000\040\000d\000e\000\040\000a\000c\000r\000\363\000n\000i\000m\000o\000s}{}% 7
\BOOKMARK [0][-]{chapter.1}{\376\377\000I\000n\000t\000r\000o\000d\000u\000c\000c\000i\000\363\000n}{}% 8
\BOOKMARK [1][-]{section.1.1}{\376\377\000M\000o\000t\000i\000v\000a\000c\000i\000\363\000n}{chapter.1}% 9
\BOOKMARK [1][-]{section.1.2}{\376\377\000P\000r\000e\000s\000e\000n\000t\000a\000c\000i\000\363\000n\000\040\000d\000e\000\040\000l\000a\000\040\000s\000o\000l\000u\000c\000i\000\363\000n}{chapter.1}% 10
\BOOKMARK [1][-]{section.1.3}{\376\377\000J\000u\000s\000t\000i\000f\000i\000c\000a\000c\000i\000\363\000n\000\040\000d\000e\000\040\000l\000a\000\040\000s\000o\000l\000u\000c\000i\000\363\000n}{chapter.1}% 11
\BOOKMARK [1][-]{section.1.4}{\376\377\000A\000l\000c\000a\000n\000c\000e\000\040\000d\000e\000l\000\040\000p\000r\000o\000y\000e\000c\000t\000o}{chapter.1}% 12
\BOOKMARK [1][-]{section.1.5}{\376\377\000E\000s\000t\000r\000u\000c\000t\000u\000r\000a\000\040\000d\000e\000l\000\040\000d\000o\000c\000u\000m\000e\000n\000t\000o}{chapter.1}% 13
\BOOKMARK [0][-]{chapter.2}{\376\377\000O\000b\000j\000e\000t\000i\000v\000o\000s}{}% 14
\BOOKMARK [1][-]{section.2.1}{\376\377\000O\000b\000j\000e\000t\000i\000v\000o\000\040\000p\000r\000i\000n\000c\000i\000p\000a\000l}{chapter.2}% 15
\BOOKMARK [1][-]{section.2.2}{\376\377\000O\000b\000j\000e\000t\000i\000v\000o\000s\000\040\000e\000s\000p\000e\000c\000\355\000f\000i\000c\000o\000s}{chapter.2}% 16
\BOOKMARK [0][-]{chapter.3}{\376\377\000A\000n\000t\000e\000c\000e\000d\000e\000n\000t\000e\000s\000\040\000y\000\040\000e\000s\000t\000a\000d\000o\000\040\000d\000e\000l\000\040\000a\000r\000t\000e}{}% 17
\BOOKMARK [1][-]{section.3.1}{\376\377\000I\000m\000p\000o\000r\000t\000a\000n\000c\000i\000a\000\040\000d\000e\000\040\000l\000a\000\040\000c\000a\000l\000i\000d\000a\000d\000\040\000d\000e\000\040\000d\000a\000t\000o\000s\000\040\000e\000n\000\040\000I\000A}{chapter.3}% 18
\BOOKMARK [2][-]{subsection.3.1.1}{\376\377\000M\000a\000r\000c\000o\000s\000\040\000c\000o\000n\000c\000e\000p\000t\000u\000a\000l\000e\000s\000\040\000f\000u\000n\000d\000a\000c\000i\000o\000n\000a\000l\000e\000s}{section.3.1}% 19
\BOOKMARK [2][-]{subsection.3.1.2}{\376\377\000I\000m\000p\000a\000c\000t\000o\000\040\000e\000c\000o\000n\000\363\000m\000i\000c\000o\000\040\000y\000\040\000d\000e\000\040\000p\000r\000o\000c\000e\000s\000o}{section.3.1}% 20
\BOOKMARK [2][-]{subsection.3.1.3}{\376\377\000E\000l\000\040\000p\000a\000r\000a\000d\000i\000g\000m\000a\000\040\000d\000a\000t\000a\000-\000c\000e\000n\000t\000r\000i\000c\000\040\000A\000I}{section.3.1}% 21
\BOOKMARK [1][-]{section.3.2}{\376\377\000M\000a\000r\000c\000o\000\040\000n\000o\000r\000m\000a\000t\000i\000v\000o\000:\000\040\000e\000s\000t\000\341\000n\000d\000a\000r\000e\000s\000\040\000I\000S\000O\000/\000I\000E\000C}{chapter.3}% 22
\BOOKMARK [2][-]{subsection.3.2.1}{\376\377\000I\000S\000O\000/\000I\000E\000C\000\040\0002\0005\0000\0001\0002\000:\000\040\000M\000o\000d\000e\000l\000o\000\040\000d\000e\000\040\000c\000a\000l\000i\000d\000a\000d\000\040\000d\000e\000\040\000d\000a\000t\000o\000s}{section.3.2}% 23
\BOOKMARK [2][-]{subsection.3.2.2}{\376\377\000I\000S\000O\000/\000I\000E\000C\000\040\0005\0002\0005\0009\000:\000\040\000C\000a\000l\000i\000d\000a\000d\000\040\000d\000e\000\040\000d\000a\000t\000o\000s\000\040\000p\000a\000r\000a\000\040\000a\000n\000a\000l\000\355\000t\000i\000c\000a\000\040\000e\000\040\000I\000A}{section.3.2}% 24
\BOOKMARK [2][-]{subsection.3.2.3}{\376\377\000T\000a\000x\000o\000n\000o\000m\000\355\000a\000\040\000d\000e\000\040\000I\000S\000O\000/\000I\000E\000C\000\040\0005\0002\0005\0009\000-\0002}{section.3.2}% 25
\BOOKMARK [2][-]{subsection.3.2.4}{\376\377\000U\000N\000E\000\040\0000\0000\0008\0001\000:\000\040\000e\000v\000a\000l\000u\000a\000c\000i\000\363\000n\000\040\000d\000e\000\040\000l\000a\000\040\000c\000a\000l\000i\000d\000a\000d\000\040\000d\000e\000l\000\040\000d\000a\000t\000o}{section.3.2}% 26
\BOOKMARK [2][-]{subsection.3.2.5}{\376\377\000I\000S\000O\000/\000I\000E\000C\000\040\0002\0005\0000\0002\0004\000:\000\040\000M\000e\000d\000i\000c\000i\000\363\000n\000\040\000d\000e\000\040\000l\000a\000\040\000c\000a\000l\000i\000d\000a\000d\000\040\000d\000e\000\040\000d\000a\000t\000o\000s}{section.3.2}% 27
\BOOKMARK [1][-]{section.3.3}{\376\377\000S\000o\000l\000u\000c\000i\000o\000n\000e\000s\000\040\000s\000i\000m\000i\000l\000a\000r\000e\000s\000\040\000e\000x\000i\000s\000t\000e\000n\000t\000e\000s}{chapter.3}% 28
\BOOKMARK [2][-]{subsection.3.3.1}{\376\377\000G\000r\000e\000a\000t\000\040\000E\000x\000p\000e\000c\000t\000a\000t\000i\000o\000n\000s}{section.3.3}% 29
\BOOKMARK [2][-]{subsection.3.3.2}{\376\377\000A\000p\000a\000c\000h\000e\000\040\000D\000e\000e\000q\000u}{section.3.3}% 30
\BOOKMARK [2][-]{subsection.3.3.3}{\376\377\000D\000Q\000O\000p\000s}{section.3.3}% 31
\BOOKMARK [2][-]{subsection.3.3.4}{\376\377\000S\000o\000d\000a\000\040\000C\000o\000r\000e}{section.3.3}% 32
\BOOKMARK [2][-]{subsection.3.3.5}{\376\377\000O\000t\000r\000a\000s\000\040\000h\000e\000r\000r\000a\000m\000i\000e\000n\000t\000a\000s\000\040\000r\000e\000l\000e\000v\000a\000n\000t\000e\000s}{section.3.3}% 33
\BOOKMARK [2][-]{subsection.3.3.6}{\376\377\000A\000n\000\341\000l\000i\000s\000i\000s\000\040\000c\000o\000m\000p\000a\000r\000a\000t\000i\000v\000o}{section.3.3}% 34
\BOOKMARK [0][-]{chapter.4}{\376\377\000M\000e\000t\000o\000d\000o\000l\000o\000g\000\355\000a\000\040\000y\000\040\000h\000e\000r\000r\000a\000m\000i\000e\000n\000t\000a\000s}{}% 35
\BOOKMARK [1][-]{section.4.1}{\376\377\000G\000e\000s\000t\000i\000\363\000n\000\040\000d\000e\000l\000\040\000p\000r\000o\000y\000e\000c\000t\000o}{chapter.4}% 36
\BOOKMARK [2][-]{subsection.4.1.1}{\376\377\000M\000e\000t\000o\000d\000o\000l\000o\000g\000\355\000a\000\040\000\341\000g\000i\000l\000\040\000a\000d\000o\000p\000t\000a\000d\000a\000:\000\040\000S\000c\000r\000u\000m\000\040\000a\000d\000a\000p\000t\000a\000d\000o}{section.4.1}% 37
\BOOKMARK [2][-]{subsection.4.1.2}{\376\377\000A\000d\000a\000p\000t\000a\000c\000i\000\363\000n\000\040\000d\000e\000\040\000S\000c\000r\000u\000m\000\040\000a\000l\000\040\000T\000F\000G\000\040\000i\000n\000d\000i\000v\000i\000d\000u\000a\000l}{section.4.1}% 38
\BOOKMARK [2][-]{subsection.4.1.3}{\376\377\000H\000e\000r\000r\000a\000m\000i\000e\000n\000t\000a\000s\000\040\000d\000e\000\040\000g\000e\000s\000t\000i\000\363\000n}{section.4.1}% 39
\BOOKMARK [1][-]{section.4.2}{\376\377\000M\000e\000t\000o\000d\000o\000l\000o\000g\000\355\000a\000\040\000d\000e\000\040\000d\000e\000s\000a\000r\000r\000o\000l\000l\000o}{chapter.4}% 40
\BOOKMARK [2][-]{subsection.4.2.1}{\376\377\000D\000e\000s\000a\000r\000r\000o\000l\000l\000o\000\040\000i\000t\000e\000r\000a\000t\000i\000v\000o}{section.4.2}% 41
\BOOKMARK [2][-]{subsection.4.2.2}{\376\377\000P\000r\000o\000t\000o\000t\000i\000p\000a\000d\000o}{section.4.2}% 42
\BOOKMARK [1][-]{section.4.3}{\376\377\000P\000i\000l\000a\000\040\000t\000e\000c\000n\000o\000l\000\363\000g\000i\000c\000a}{chapter.4}% 43
\BOOKMARK [2][-]{subsection.4.3.1}{\376\377\000F\000r\000o\000n\000t\000e\000n\000d}{section.4.3}% 44
\BOOKMARK [2][-]{subsection.4.3.2}{\376\377\000B\000a\000c\000k\000e\000n\000d}{section.4.3}% 45
\BOOKMARK [2][-]{subsection.4.3.3}{\376\377\000B\000a\000s\000e\000\040\000d\000e\000\040\000d\000a\000t\000o\000s\000\040\000y\000\040\000a\000l\000m\000a\000c\000e\000n\000a\000m\000i\000e\000n\000t\000o}{section.4.3}% 46
\BOOKMARK [2][-]{subsection.4.3.4}{\376\377\000P\000r\000o\000c\000e\000s\000a\000m\000i\000e\000n\000t\000o\000\040\000a\000s\000\355\000n\000c\000r\000o\000n\000o\000\040\000y\000\040\000o\000r\000q\000u\000e\000s\000t\000a\000c\000i\000\363\000n}{section.4.3}% 47
\BOOKMARK [1][-]{section.4.4}{\376\377\000E\000n\000t\000o\000r\000n\000o\000\040\000d\000e\000\040\000d\000e\000s\000a\000r\000r\000o\000l\000l\000o}{chapter.4}% 48
\BOOKMARK [1][-]{section.4.5}{\376\377\000P\000l\000a\000n\000i\000f\000i\000c\000a\000c\000i\000\363\000n\000\040\000t\000e\000m\000p\000o\000r\000a\000l}{chapter.4}% 49
\BOOKMARK [1][-]{section.4.6}{\376\377\000B\000a\000c\000k\000l\000o\000g\000\040\000i\000n\000i\000c\000i\000a\000l\000\040\000e\000\040\000h\000i\000s\000t\000o\000r\000i\000a\000s\000\040\000d\000e\000\040\000u\000s\000u\000a\000r\000i\000o}{chapter.4}% 50
\BOOKMARK [1][-]{section.4.7}{\376\377\000E\000s\000t\000i\000m\000a\000c\000i\000\363\000n\000\040\000d\000e\000\040\000e\000s\000f\000u\000e\000r\000z\000o}{chapter.4}% 51
\BOOKMARK [2][-]{subsection.4.7.1}{\376\377\000T\000\351\000c\000n\000i\000c\000a\000\040\000d\000e\000\040\000e\000s\000t\000i\000m\000a\000c\000i\000\363\000n}{section.4.7}% 52
\BOOKMARK [2][-]{subsection.4.7.2}{\376\377\000E\000s\000t\000i\000m\000a\000c\000i\000\363\000n\000\040\000i\000n\000i\000c\000i\000a\000l\000\040\000v\000s\000.\000\040\000r\000e\000a\000l}{section.4.7}% 53
\BOOKMARK [2][-]{subsection.4.7.3}{\376\377\000B\000u\000r\000n\000d\000o\000w\000n\000\040\000g\000l\000o\000b\000a\000l\000\040\000d\000e\000l\000\040\000p\000r\000o\000y\000e\000c\000t\000o}{section.4.7}% 54
\BOOKMARK [1][-]{section.4.8}{\376\377\000E\000s\000t\000i\000m\000a\000c\000i\000\363\000n\000\040\000d\000e\000\040\000c\000o\000s\000t\000e\000s}{chapter.4}% 55
\BOOKMARK [1][-]{section.4.9}{\376\377\000G\000e\000s\000t\000i\000\363\000n\000\040\000d\000e\000\040\000r\000i\000e\000s\000g\000o\000s}{chapter.4}% 56
\BOOKMARK [0][-]{chapter.5}{\376\377\000R\000e\000s\000u\000l\000t\000a\000d\000o\000s}{}% 57
\BOOKMARK [1][-]{section.5.1}{\376\377\000A\000n\000\341\000l\000i\000s\000i\000s\000\040\000f\000u\000n\000c\000i\000o\000n\000a\000l}{chapter.5}% 58
\BOOKMARK [1][-]{section.5.2}{\376\377\000S\000p\000r\000i\000n\000t\000\040\0001\000:\000\040\000A\000n\000\341\000l\000i\000s\000i\000s\000,\000\040\000a\000r\000q\000u\000i\000t\000e\000c\000t\000u\000r\000a\000\040\000y\000\040\000s\000e\000t\000u\000p\000\040\000i\000n\000i\000c\000i\000a\000l}{chapter.5}% 59
\BOOKMARK [2][-]{subsection.5.2.1}{\376\377\000T\000r\000a\000b\000a\000j\000o\000\040\000r\000e\000a\000l\000i\000z\000a\000d\000o}{section.5.2}% 60
\BOOKMARK [2][-]{subsection.5.2.2}{\376\377\000C\000\363\000m\000o\000\040\000s\000e\000\040\000h\000a\000\040\000h\000e\000c\000h\000o}{section.5.2}% 61
\BOOKMARK [2][-]{subsection.5.2.3}{\376\377\000R\000e\000t\000r\000o\000s\000p\000e\000c\000t\000i\000v\000a}{section.5.2}% 62
\BOOKMARK [1][-]{section.5.3}{\376\377\000S\000p\000r\000i\000n\000t\000\040\0002\000:\000\040\000B\000a\000c\000k\000e\000n\000d\000\040\000p\000r\000i\000n\000c\000i\000p\000a\000l\000,\000\040\000d\000a\000t\000a\000s\000e\000t\000s\000\040\000y\000\040\000A\000P\000I\000\040\000R\000E\000S\000T}{chapter.5}% 63
\BOOKMARK [2][-]{subsection.5.3.1}{\376\377\000T\000r\000a\000b\000a\000j\000o\000\040\000r\000e\000a\000l\000i\000z\000a\000d\000o}{section.5.3}% 64
\BOOKMARK [2][-]{subsection.5.3.2}{\376\377\000C\000\363\000m\000o\000\040\000s\000e\000\040\000h\000a\000\040\000h\000e\000c\000h\000o}{section.5.3}% 65
\BOOKMARK [2][-]{subsection.5.3.3}{\376\377\000R\000e\000t\000r\000o\000s\000p\000e\000c\000t\000i\000v\000a}{section.5.3}% 66
\BOOKMARK [1][-]{section.5.4}{\376\377\000S\000p\000r\000i\000n\000t\000\040\0003\000:\000\040\000M\000o\000t\000o\000r\000\040\000d\000e\000\040\000m\000\351\000t\000r\000i\000c\000a\000s\000\040\000d\000e\000\040\000c\000a\000l\000i\000d\000a\000d}{chapter.5}% 67
\BOOKMARK [2][-]{subsection.5.4.1}{\376\377\000T\000r\000a\000b\000a\000j\000o\000\040\000r\000e\000a\000l\000i\000z\000a\000d\000o}{section.5.4}% 68
\BOOKMARK [2][-]{subsection.5.4.2}{\376\377\000C\000\363\000m\000o\000\040\000s\000e\000\040\000h\000a\000\040\000h\000e\000c\000h\000o}{section.5.4}% 69
\BOOKMARK [2][-]{subsection.5.4.3}{\376\377\000R\000e\000t\000r\000o\000s\000p\000e\000c\000t\000i\000v\000a}{section.5.4}% 70
\BOOKMARK [1][-]{section.5.5}{\376\377\000S\000p\000r\000i\000n\000t\000\040\0004\000:\000\040\000F\000r\000o\000n\000t\000e\000n\000d\000\040\000e\000\040\000i\000n\000t\000e\000r\000f\000a\000z\000\040\000d\000e\000\040\000u\000s\000u\000a\000r\000i\000o}{chapter.5}% 71
\BOOKMARK [2][-]{subsection.5.5.1}{\376\377\000T\000r\000a\000b\000a\000j\000o\000\040\000r\000e\000a\000l\000i\000z\000a\000d\000o}{section.5.5}% 72
\BOOKMARK [2][-]{subsection.5.5.2}{\376\377\000C\000\363\000m\000o\000\040\000s\000e\000\040\000h\000a\000\040\000h\000e\000c\000h\000o}{section.5.5}% 73
\BOOKMARK [2][-]{subsection.5.5.3}{\376\377\000R\000e\000t\000r\000o\000s\000p\000e\000c\000t\000i\000v\000a}{section.5.5}% 74
\BOOKMARK [1][-]{section.5.6}{\376\377\000S\000p\000r\000i\000n\000t\000\040\0005\000:\000\040\000F\000u\000n\000c\000i\000o\000n\000a\000l\000i\000d\000a\000d\000e\000s\000\040\000a\000v\000a\000n\000z\000a\000d\000a\000s}{chapter.5}% 75
\BOOKMARK [2][-]{subsection.5.6.1}{\376\377\000T\000r\000a\000b\000a\000j\000o\000\040\000r\000e\000a\000l\000i\000z\000a\000d\000o}{section.5.6}% 76
\BOOKMARK [2][-]{subsection.5.6.2}{\376\377\000C\000\363\000m\000o\000\040\000s\000e\000\040\000h\000a\000\040\000h\000e\000c\000h\000o}{section.5.6}% 77
\BOOKMARK [2][-]{subsection.5.6.3}{\376\377\000R\000e\000t\000r\000o\000s\000p\000e\000c\000t\000i\000v\000a}{section.5.6}% 78
\BOOKMARK [1][-]{section.5.7}{\376\377\000S\000p\000r\000i\000n\000t\000\040\0006\000:\000\040\000P\000r\000u\000e\000b\000a\000s\000,\000\040\000r\000e\000f\000i\000n\000a\000m\000i\000e\000n\000t\000o\000\040\000y\000\040\000d\000o\000c\000u\000m\000e\000n\000t\000a\000c\000i\000\363\000n}{chapter.5}% 79
\BOOKMARK [2][-]{subsection.5.7.1}{\376\377\000T\000r\000a\000b\000a\000j\000o\000\040\000r\000e\000a\000l\000i\000z\000a\000d\000o}{section.5.7}% 80
\BOOKMARK [2][-]{subsection.5.7.2}{\376\377\000C\000\363\000m\000o\000\040\000s\000e\000\040\000h\000a\000\040\000h\000e\000c\000h\000o}{section.5.7}% 81
\BOOKMARK [2][-]{subsection.5.7.3}{\376\377\000R\000e\000t\000r\000o\000s\000p\000e\000c\000t\000i\000v\000a}{section.5.7}% 82
\BOOKMARK [1][-]{section.5.8}{\376\377\000R\000e\000s\000u\000l\000t\000a\000d\000o\000s\000\040\000g\000l\000o\000b\000a\000l\000e\000s}{chapter.5}% 83
\BOOKMARK [2][-]{subsection.5.8.1}{\376\377\000R\000e\000s\000u\000l\000t\000a\000d\000o\000s\000\040\000c\000u\000a\000n\000t\000i\000t\000a\000t\000i\000v\000o\000s}{section.5.8}% 84
\BOOKMARK [2][-]{subsection.5.8.2}{\376\377\000C\000a\000l\000i\000d\000a\000d\000\040\000d\000e\000l\000\040\000c\000\363\000d\000i\000g\000o\000\040\000y\000\040\000a\000n\000\341\000l\000i\000s\000i\000s\000\040\000e\000s\000t\000\341\000t\000i\000c\000o\000\040\000\050\000S\000o\000n\000a\000r\000Q\000u\000b\000e\000\051}{section.5.8}% 85
\BOOKMARK [2][-]{subsection.5.8.3}{\376\377\000E\000s\000f\000u\000e\000r\000z\000o\000\040\000y\000\040\000d\000e\000s\000v\000i\000a\000c\000i\000o\000n\000e\000s}{section.5.8}% 86
\BOOKMARK [2][-]{subsection.5.8.4}{\376\377\000V\000e\000r\000i\000f\000i\000c\000a\000c\000i\000\363\000n\000\040\000d\000e\000l\000\040\000c\000u\000m\000p\000l\000i\000m\000i\000e\000n\000t\000o\000\040\000d\000e\000\040\000o\000b\000j\000e\000t\000i\000v\000o\000s}{section.5.8}% 87
\BOOKMARK [2][-]{subsection.5.8.5}{\376\377\000C\000u\000m\000p\000l\000i\000m\000i\000e\000n\000t\000o\000\040\000d\000e\000\040\000l\000o\000s\000\040\000r\000e\000q\000u\000i\000s\000i\000t\000o\000s\000\040\000n\000o\000\040\000f\000u\000n\000c\000i\000o\000n\000a\000l\000e\000s}{section.5.8}% 88
\BOOKMARK [1][-]{section.5.9}{\376\377\000I\000n\000s\000t\000a\000n\000c\000i\000a\000c\000i\000\363\000n\000\040\000d\000e\000l\000\040\000m\000a\000r\000c\000o\000\040\000I\000S\000O\000/\000I\000E\000C\000\040\0005\0002\0005\0009\000\040\000e\000n\000\040\000D\000a\000t\000a\000Q\000u\000a\000l}{chapter.5}% 89
\BOOKMARK [2][-]{subsection.5.9.1}{\376\377\000C\000a\000r\000a\000c\000t\000e\000r\000\355\000s\000t\000i\000c\000a\000s\000\040\000i\000m\000p\000l\000e\000m\000e\000n\000t\000a\000d\000a\000s\000\040\000a\000l\000g\000o\000r\000\355\000t\000m\000i\000c\000a\000m\000e\000n\000t\000e}{section.5.9}% 90
\BOOKMARK [2][-]{subsection.5.9.2}{\376\377\000C\000a\000r\000a\000c\000t\000e\000r\000\355\000s\000t\000i\000c\000a\000s\000\040\000f\000u\000e\000r\000a\000\040\000d\000e\000l\000\040\000a\000l\000c\000a\000n\000c\000e}{section.5.9}% 91
\BOOKMARK [2][-]{subsection.5.9.3}{\376\377\000C\000r\000i\000t\000e\000r\000i\000o\000s\000\040\000d\000e\000\040\000p\000r\000i\000o\000r\000i\000z\000a\000c\000i\000\363\000n\000\040\000a\000p\000l\000i\000c\000a\000d\000o\000s}{section.5.9}% 92
\BOOKMARK [0][-]{chapter.6}{\376\377\000C\000o\000n\000c\000l\000u\000s\000i\000o\000n\000e\000s\000\040\000y\000\040\000t\000r\000a\000b\000a\000j\000o\000\040\000f\000u\000t\000u\000r\000o}{}% 93
\BOOKMARK [1][-]{section.6.1}{\376\377\000R\000e\000v\000i\000s\000i\000\363\000n\000\040\000d\000e\000\040\000o\000b\000j\000e\000t\000i\000v\000o\000s}{chapter.6}% 94
\BOOKMARK [1][-]{section.6.2}{\376\377\000F\000o\000r\000t\000a\000l\000e\000z\000a\000s\000\040\000d\000e\000\040\000l\000a\000\040\000p\000l\000a\000t\000a\000f\000o\000r\000m\000a}{chapter.6}% 95
\BOOKMARK [1][-]{section.6.3}{\376\377\000L\000i\000m\000i\000t\000a\000c\000i\000o\000n\000e\000s\000\040\000y\000\040\000d\000e\000s\000a\000f\000\355\000o\000s\000\040\000e\000n\000c\000o\000n\000t\000r\000a\000d\000o\000s}{chapter.6}% 96
\BOOKMARK [1][-]{section.6.4}{\376\377\000L\000\355\000n\000e\000a\000s\000\040\000d\000e\000\040\000t\000r\000a\000b\000a\000j\000o\000\040\000f\000u\000t\000u\000r\000o}{chapter.6}% 97
\BOOKMARK [1][-]{section.6.5}{\376\377\000D\000i\000s\000c\000u\000s\000i\000\363\000n}{chapter.6}% 98
\BOOKMARK [1][-]{section.6.6}{\376\377\000L\000e\000c\000c\000i\000o\000n\000e\000s\000\040\000a\000p\000r\000e\000n\000d\000i\000d\000a\000s}{chapter.6}% 99
\BOOKMARK [1][-]{section.6.7}{\376\377\000C\000o\000m\000p\000e\000t\000e\000n\000c\000i\000a\000s\000\040\000a\000d\000q\000u\000i\000r\000i\000d\000a\000s}{chapter.6}% 100
\BOOKMARK [1][-]{section.6.8}{\376\377\000V\000a\000l\000o\000r\000a\000c\000i\000\363\000n\000\040\000p\000e\000r\000s\000o\000n\000a\000l}{chapter.6}% 101
\BOOKMARK [0][-]{appendix.Alph1}{\376\377\000E\000s\000p\000e\000c\000i\000f\000i\000c\000a\000c\000i\000\363\000n\000\040\000d\000e\000\040\000l\000a\000\040\000A\000P\000I\000\040\000R\000E\000S\000T\000f\000u\000l}{}% 102
\BOOKMARK [1][-]{section.Alph1.1}{\376\377\000M\000\363\000d\000u\000l\000o\000\040\000d\000e\000\040\000a\000u\000t\000e\000n\000t\000i\000c\000a\000c\000i\000\363\000n\000\040\000\050\000/\000a\000p\000i\000/\000a\000u\000t\000h\000\051}{appendix.Alph1}% 103
\BOOKMARK [1][-]{section.Alph1.2}{\376\377\000M\000\363\000d\000u\000l\000o\000\040\000d\000e\000\040\000p\000r\000o\000y\000e\000c\000t\000o\000s\000\040\000\050\000/\000a\000p\000i\000/\000p\000r\000o\000j\000e\000c\000t\000s\000\051}{appendix.Alph1}% 104
\BOOKMARK [1][-]{section.Alph1.3}{\376\377\000C\000o\000n\000f\000i\000g\000u\000r\000a\000c\000i\000\363\000n\000\040\000d\000e\000\040\000m\000\351\000t\000r\000i\000c\000a\000s\000\040\000p\000o\000r\000\040\000p\000r\000o\000y\000e\000c\000t\000o}{appendix.Alph1}% 105
\BOOKMARK [1][-]{section.Alph1.4}{\376\377\000M\000\363\000d\000u\000l\000o\000\040\000d\000e\000\040\000c\000o\000n\000j\000u\000n\000t\000o\000s\000\040\000d\000e\000\040\000d\000a\000t\000o\000s\000\040\000\050\000/\000a\000p\000i\000/\000d\000a\000t\000a\000s\000e\000t\000s\000\051}{appendix.Alph1}% 106
\BOOKMARK [1][-]{section.Alph1.5}{\376\377\000V\000e\000r\000s\000i\000o\000n\000a\000d\000o\000\040\000y\000\040\000c\000a\000r\000g\000a\000\040\000d\000e\000\040\000d\000a\000t\000a\000s\000e\000t\000s\000\040\000p\000o\000r\000\040\000p\000r\000o\000y\000e\000c\000t\000o}{appendix.Alph1}% 107
\BOOKMARK [1][-]{section.Alph1.6}{\376\377\000C\000a\000t\000\341\000l\000o\000g\000o\000\040\000d\000e\000\040\000m\000\351\000t\000r\000i\000c\000a\000s\000\040\000y\000\040\000p\000l\000a\000n\000t\000i\000l\000l\000a\000s\000\040\000\050\000/\000a\000p\000i\000/\000m\000e\000t\000r\000i\000c\000s\000\051}{appendix.Alph1}% 108
\BOOKMARK [1][-]{section.Alph1.7}{\376\377\000M\000\363\000d\000u\000l\000o\000\040\000d\000e\000\040\000e\000v\000a\000l\000u\000a\000c\000i\000o\000n\000e\000s\000\040\000y\000\040\000a\000n\000\341\000l\000i\000s\000i\000s\000\040\000\050\000/\000a\000p\000i\000/\000e\000v\000a\000l\000u\000a\000t\000i\000o\000n\000s\000\051}{appendix.Alph1}% 109
\BOOKMARK [1][-]{section.Alph1.8}{\376\377\000M\000\363\000d\000u\000l\000o\000\040\000d\000e\000\040\000p\000a\000t\000r\000o\000n\000e\000s\000\040\000d\000e\000\040\000v\000a\000l\000i\000d\000a\000c\000i\000\363\000n\000\040\000\050\000/\000a\000p\000i\000/\000p\000a\000t\000t\000e\000r\000n\000s\000\051}{appendix.Alph1}% 110
\BOOKMARK [1][-]{section.Alph1.9}{\376\377\000M\000\363\000d\000u\000l\000o\000\040\000d\000e\000\040\000c\000u\000a\000d\000r\000o\000s\000\040\000d\000e\000\040\000m\000a\000n\000d\000o\000\040\000\050\000/\000a\000p\000i\000/\000d\000a\000s\000h\000b\000o\000a\000r\000d\000\051}{appendix.Alph1}% 111
\BOOKMARK [1][-]{section.Alph1.10}{\376\377\000M\000\363\000d\000u\000l\000o\000\040\000d\000e\000\040\000a\000d\000m\000i\000n\000i\000s\000t\000r\000a\000c\000i\000\363\000n\000\040\000\050\000/\000a\000p\000i\000/\000a\000d\000m\000i\000n\000\051}{appendix.Alph1}% 112
\BOOKMARK [1][-]{section.Alph1.11}{\376\377\000E\000n\000d\000p\000o\000i\000n\000t\000\040\000r\000a\000\355\000z\000\040\000d\000e\000\040\000s\000a\000l\000u\000d\000\040\000\050\000/\000h\000e\000a\000l\000t\000h\000\051}{appendix.Alph1}% 113
\BOOKMARK [0][-]{appendix.Alph2}{\376\377\000C\000a\000t\000\341\000l\000o\000g\000o\000\040\000d\000e\000\040\000m\000\351\000t\000r\000i\000c\000a\000s\000\040\000d\000e\000\040\000c\000a\000l\000i\000d\000a\000d}{}% 114
\BOOKMARK [1][-]{section.Alph2.1}{\376\377\000C\000o\000m\000p\000l\000e\000t\000i\000t\000u\000d\000\040\000\050\000c\000o\000m\000p\000l\000e\000t\000e\000n\000e\000s\000s\000\051}{appendix.Alph2}% 115
\BOOKMARK [1][-]{section.Alph2.2}{\376\377\000U\000n\000i\000c\000i\000d\000a\000d\000\040\000\050\000u\000n\000i\000q\000u\000e\000n\000e\000s\000s\000\051}{appendix.Alph2}% 116
\BOOKMARK [1][-]{section.Alph2.3}{\376\377\000E\000x\000a\000c\000t\000i\000t\000u\000d\000\040\000s\000i\000n\000t\000\341\000c\000t\000i\000c\000a\000\040\000\050\000s\000y\000n\000t\000a\000c\000t\000i\000c\000\137\000a\000c\000c\000u\000r\000a\000c\000y\000\051}{appendix.Alph2}% 117
\BOOKMARK [1][-]{section.Alph2.4}{\376\377\000C\000o\000n\000s\000i\000s\000t\000e\000n\000c\000i\000a\000\040\000l\000\363\000g\000i\000c\000a\000\040\000\050\000l\000o\000g\000i\000c\000a\000l\000\137\000c\000o\000n\000s\000i\000s\000t\000e\000n\000c\000y\000\051}{appendix.Alph2}% 118
\BOOKMARK [1][-]{section.Alph2.5}{\376\377\000E\000q\000u\000i\000l\000i\000b\000r\000i\000o\000\040\000d\000e\000\040\000c\000l\000a\000s\000e\000s\000\040\000\050\000c\000l\000a\000s\000s\000\137\000b\000a\000l\000a\000n\000c\000e\000\051}{appendix.Alph2}% 119
\BOOKMARK [1][-]{section.Alph2.6}{\376\377\000A\000c\000t\000u\000a\000l\000i\000d\000a\000d\000\040\000\050\000c\000u\000r\000r\000e\000n\000t\000n\000e\000s\000s\000\051}{appendix.Alph2}% 120
\BOOKMARK [1][-]{section.Alph2.7}{\376\377\000D\000i\000v\000e\000r\000s\000i\000d\000a\000d\000\040\000\050\000d\000i\000v\000e\000r\000s\000i\000t\000y\000\051}{appendix.Alph2}% 121
\BOOKMARK [1][-]{section.Alph2.8}{\376\377\000V\000a\000l\000o\000r\000e\000s\000\040\000a\000t\000\355\000p\000i\000c\000o\000s\000\040\000\050\000o\000u\000t\000l\000i\000e\000r\000s\000\051}{appendix.Alph2}% 122
\BOOKMARK [1][-]{section.Alph2.9}{\376\377\000M\000o\000d\000e\000l\000o\000\040\000d\000e\000\040\000s\000e\000v\000e\000r\000i\000d\000a\000d\000\040\000d\000i\000n\000\341\000m\000i\000c\000a}{appendix.Alph2}% 123
\BOOKMARK [0][-]{appendix.Alph3}{\376\377\000B\000a\000c\000k\000l\000o\000g\000\040\000c\000o\000m\000p\000l\000e\000t\000o\000\040\000d\000e\000l\000\040\000p\000r\000o\000y\000e\000c\000t\000o}{}% 124
\BOOKMARK [0][-]{appendix.Alph4}{\376\377\000A\000n\000\341\000l\000i\000s\000i\000s\000\040\000r\000e\000t\000r\000o\000s\000p\000e\000c\000t\000i\000v\000o\000\040\000d\000e\000\040\000r\000i\000e\000s\000g\000o\000s}{}% 125
\BOOKMARK [0][-]{appendix.Alph5}{\376\377\000E\000s\000t\000i\000m\000a\000c\000i\000\363\000n\000\040\000d\000e\000\040\000c\000o\000s\000t\000e\000s\000\040\000y\000\040\000v\000i\000a\000b\000i\000l\000i\000d\000a\000d\000\040\000e\000c\000o\000n\000\363\000m\000i\000c\000a}{}% 126
\BOOKMARK [0][-]{appendix.Alph6}{\376\377\000P\000l\000a\000n\000\040\000d\000e\000\040\000p\000r\000u\000e\000b\000a\000s\000\040\000i\000n\000t\000e\000g\000r\000a\000l}{}% 127
\BOOKMARK [1][-]{section.Alph6.1}{\376\377\000O\000b\000j\000e\000t\000i\000v\000o\000s\000\040\000y\000\040\000a\000l\000c\000a\000n\000c\000e}{appendix.Alph6}% 128
\BOOKMARK [1][-]{section.Alph6.2}{\376\377\000E\000s\000t\000r\000a\000t\000e\000g\000i\000a\000\040\000y\000\040\000n\000i\000v\000e\000l\000e\000s\000\040\000d\000e\000\040\000p\000r\000u\000e\000b\000a}{appendix.Alph6}% 129
\BOOKMARK [1][-]{section.Alph6.3}{\376\377\000T\000i\000p\000o\000s\000\040\000d\000e\000\040\000p\000r\000u\000e\000b\000a\000s\000\040\000a\000p\000l\000i\000c\000a\000d\000a\000s}{appendix.Alph6}% 130
\BOOKMARK [1][-]{section.Alph6.4}{\376\377\000S\000u\000i\000t\000e\000s\000\040\000d\000e\000\040\000p\000r\000u\000e\000b\000a\000\040\000\050\000r\000e\000s\000u\000m\000e\000n\000\040\000p\000o\000r\000\040\000c\000a\000p\000a\000\051}{appendix.Alph6}% 131
\BOOKMARK [2][-]{subsection.Alph6.4.1}{\376\377\000C\000a\000p\000a\000\040\000d\000e\000\040\000b\000a\000c\000k\000e\000n\000d\000\040\000\050\000F\000l\000a\000s\000k\000\040\000+\000\040\000C\000e\000l\000e\000r\000y\000\051}{section.Alph6.4}% 132
\BOOKMARK [2][-]{subsection.Alph6.4.2}{\376\377\000C\000a\000p\000a\000\040\000d\000e\000\040\000d\000o\000m\000i\000n\000i\000o\000\040\000\050\000a\000n\000\341\000l\000i\000s\000i\000s\000\040\000i\000n\000c\000r\000e\000m\000e\000n\000t\000a\000l\000\051}{section.Alph6.4}% 133
\BOOKMARK [2][-]{subsection.Alph6.4.3}{\376\377\000C\000a\000p\000a\000\040\000d\000e\000\040\000f\000r\000o\000n\000t\000e\000n\000d\000\040\000\050\000N\000e\000x\000t\000.\000j\000s\000\051}{section.Alph6.4}% 134
\BOOKMARK [2][-]{subsection.Alph6.4.4}{\376\377\000P\000r\000u\000e\000b\000a\000s\000\040\000n\000o\000\040\000f\000u\000n\000c\000i\000o\000n\000a\000l\000e\000s}{section.Alph6.4}% 135
\BOOKMARK [1][-]{section.Alph6.5}{\376\377\000E\000n\000t\000o\000r\000n\000o\000s\000\040\000y\000\040\000d\000a\000t\000o\000s\000\040\000d\000e\000\040\000p\000r\000u\000e\000b\000a}{appendix.Alph6}% 136
\BOOKMARK [1][-]{section.Alph6.6}{\376\377\000C\000r\000i\000t\000e\000r\000i\000o\000s\000\040\000d\000e\000\040\000e\000n\000t\000r\000a\000d\000a\000,\000\040\000s\000a\000l\000i\000d\000a\000\040\000y\000\040\000a\000c\000e\000p\000t\000a\000c\000i\000\363\000n}{appendix.Alph6}% 137
\BOOKMARK [1][-]{section.Alph6.7}{\376\377\000M\000\351\000t\000r\000i\000c\000a\000s\000\040\000y\000\040\000K\000P\000I\000\040\000d\000e\000l\000\040\000p\000l\000a\000n}{appendix.Alph6}% 138
\BOOKMARK [1][-]{section.Alph6.8}{\376\377\000R\000i\000e\000s\000g\000o\000s\000\040\000d\000e\000l\000\040\000p\000l\000a\000n\000\040\000d\000e\000\040\000p\000r\000u\000e\000b\000a\000s}{appendix.Alph6}% 139
\BOOKMARK [1][-]{section.Alph6.9}{\376\377\000R\000o\000l\000e\000s\000\040\000y\000\040\000r\000e\000s\000p\000o\000n\000s\000a\000b\000i\000l\000i\000d\000a\000d\000e\000s}{appendix.Alph6}% 140
\BOOKMARK [1][-]{section.Alph6.10}{\376\377\000T\000r\000a\000z\000a\000b\000i\000l\000i\000d\000a\000d\000\040\000y\000\040\000h\000e\000r\000r\000a\000m\000i\000e\000n\000t\000a\000s}{appendix.Alph6}% 141
\BOOKMARK [1][-]{section.Alph6.11}{\376\377\000E\000s\000t\000a\000d\000o\000\040\000a\000c\000t\000u\000a\000l\000\040\000y\000\040\000t\000r\000a\000b\000a\000j\000o\000\040\000f\000u\000t\000u\000r\000o}{appendix.Alph6}% 142
\BOOKMARK [0][-]{appendix.Alph7}{\376\377\000A\000n\000\341\000l\000i\000s\000i\000s\000\040\000e\000s\000t\000\341\000t\000i\000c\000o\000\040\000d\000e\000\040\000c\000a\000l\000i\000d\000a\000d\000\040\000d\000e\000\040\000c\000\363\000d\000i\000g\000o\000\040\000c\000o\000n\000\040\000S\000o\000n\000a\000r\000Q\000u\000b\000e}{}% 143
\BOOKMARK [1][-]{section.Alph7.1}{\376\377\000C\000o\000n\000f\000i\000g\000u\000r\000a\000c\000i\000\363\000n\000\040\000e\000\040\000i\000n\000t\000e\000g\000r\000a\000c\000i\000\363\000n\000\040\000d\000e\000l\000\040\000a\000n\000\341\000l\000i\000s\000i\000s}{appendix.Alph7}% 144
\BOOKMARK [1][-]{section.Alph7.2}{\376\377\000M\000\351\000t\000r\000i\000c\000a\000s\000\040\000d\000e\000t\000a\000l\000l\000a\000d\000a\000s\000\040\000y\000\040\000c\000a\000l\000i\000d\000a\000d\000\040\000d\000e\000\040\000l\000a\000\040\000b\000a\000s\000e\000\040\000d\000e\000\040\000c\000\363\000d\000i\000g\000o}{appendix.Alph7}% 145
\BOOKMARK [2][-]{subsection.Alph7.2.1}{\376\377\000F\000i\000a\000b\000i\000l\000i\000d\000a\000d\000\040\000\050\000B\000u\000g\000s\000\051}{section.Alph7.2}% 146
\BOOKMARK [2][-]{subsection.Alph7.2.2}{\376\377\000S\000e\000g\000u\000r\000i\000d\000a\000d\000\040\000\050\000V\000u\000l\000n\000e\000r\000a\000b\000i\000l\000i\000d\000a\000d\000e\000s\000\040\000y\000\040\000P\000u\000n\000t\000o\000s\000\040\000C\000a\000l\000i\000e\000n\000t\000e\000s\000\051}{section.Alph7.2}% 147
\BOOKMARK [2][-]{subsection.Alph7.2.3}{\376\377\000M\000a\000n\000t\000e\000n\000i\000b\000i\000l\000i\000d\000a\000d\000\040\000\050\000D\000e\000u\000d\000a\000\040\000T\000\351\000c\000n\000i\000c\000a\000\040\000y\000\040\000C\000o\000d\000e\000\040\000S\000m\000e\000l\000l\000s\000\051}{section.Alph7.2}% 148
\BOOKMARK [2][-]{subsection.Alph7.2.4}{\376\377\000D\000u\000p\000l\000i\000c\000a\000c\000i\000\363\000n\000\040\000d\000e\000\040\000c\000\363\000d\000i\000g\000o}{section.Alph7.2}% 149
\BOOKMARK [2][-]{subsection.Alph7.2.5}{\376\377\000C\000o\000b\000e\000r\000t\000u\000r\000a\000\040\000d\000e\000\040\000p\000r\000u\000e\000b\000a\000s\000\040\000u\000n\000i\000t\000a\000r\000i\000a\000s\000\040\000y\000\040\000E\000s\000t\000a\000d\000o\000\040\000d\000e\000l\000\040\000Q\000u\000a\000l\000i\000t\000y\000\040\000G\000a\000t\000e}{section.Alph7.2}% 150
\BOOKMARK [1][-]{section.Alph7.3}{\376\377\000T\000r\000a\000b\000a\000j\000o\000\040\000f\000u\000t\000u\000r\000o\000\040\000p\000a\000r\000a\000\040\000e\000l\000\040\000a\000s\000e\000g\000u\000r\000a\000m\000i\000e\000n\000t\000o\000\040\000d\000e\000\040\000l\000a\000\040\000c\000a\000l\000i\000d\000a\000d}{appendix.Alph7}% 151
\BOOKMARK [0][-]{appendix.Alph8}{\376\377\000M\000a\000n\000u\000a\000l\000\040\000d\000e\000\040\000u\000s\000u\000a\000r\000i\000o}{}% 152
\BOOKMARK [1][-]{section.Alph8.1}{\376\377\000R\000e\000q\000u\000i\000s\000i\000t\000o\000s\000\040\000p\000r\000e\000v\000i\000o\000s}{appendix.Alph8}% 153
\BOOKMARK [1][-]{section.Alph8.2}{\376\377\000A\000r\000r\000a\000n\000q\000u\000e\000\040\000d\000e\000l\000\040\000s\000i\000s\000t\000e\000m\000a}{appendix.Alph8}% 154
\BOOKMARK [1][-]{section.Alph8.3}{\376\377\000N\000a\000v\000e\000g\000a\000c\000i\000\363\000n\000\040\000g\000e\000n\000e\000r\000a\000l}{appendix.Alph8}% 155
\BOOKMARK [1][-]{section.Alph8.4}{\376\377\000C\000u\000a\000d\000r\000o\000\040\000d\000e\000\040\000m\000a\000n\000d\000o}{appendix.Alph8}% 156
\BOOKMARK [1][-]{section.Alph8.5}{\376\377\000F\000l\000u\000j\000o\000\040\000p\000r\000i\000n\000c\000i\000p\000a\000l\000\040\000d\000e\000\040\000u\000s\000o}{appendix.Alph8}% 157
\BOOKMARK [1][-]{section.Alph8.6}{\376\377\000M\000o\000n\000i\000t\000o\000r\000i\000z\000a\000c\000i\000\363\000n\000\040\000d\000e\000l\000\040\000s\000i\000s\000t\000e\000m\000a}{appendix.Alph8}% 158
\BOOKMARK [1][-]{section.Alph8.7}{\376\377\000A\000p\000a\000g\000a\000d\000o\000\040\000d\000e\000l\000\040\000s\000i\000s\000t\000e\000m\000a}{appendix.Alph8}% 159
\BOOKMARK [1][-]{section.Alph8.8}{\376\377\000C\000a\000p\000t\000u\000r\000a\000s\000\040\000c\000o\000m\000p\000l\000e\000m\000e\000n\000t\000a\000r\000i\000a\000s\000\040\000d\000e\000\040\000l\000a\000\040\000i\000n\000t\000e\000r\000f\000a\000z}{appendix.Alph8}% 160
\BOOKMARK [0][-]{appendix.Alph9}{\376\377\000D\000i\000a\000g\000r\000a\000m\000a\000s\000\040\000d\000e\000l\000\040\000s\000i\000s\000t\000e\000m\000a}{}% 161
\BOOKMARK [1][-]{section.Alph9.1}{\376\377\000D\000e\000s\000c\000r\000i\000p\000c\000i\000\363\000n\000\040\000d\000e\000\040\000l\000o\000s\000\040\000p\000a\000q\000u\000e\000t\000e\000s\000\040\000d\000e\000l\000\040\000s\000i\000s\000t\000e\000m\000a}{appendix.Alph9}% 162
\BOOKMARK [1][-]{section.Alph9.2}{\376\377\000E\000s\000p\000e\000c\000i\000f\000i\000c\000a\000c\000i\000\363\000n\000\040\000d\000e\000\040\000c\000a\000s\000o\000s\000\040\000d\000e\000\040\000u\000s\000o}{appendix.Alph9}% 163
\BOOKMARK [1][-]{section.Alph9.3}{\376\377\000D\000i\000a\000g\000r\000a\000m\000a\000\040\000d\000e\000\040\000s\000e\000c\000u\000e\000n\000c\000i\000a\000:\000\040\000E\000j\000e\000c\000u\000c\000i\000\363\000n\000\040\000d\000e\000\040\000e\000v\000a\000l\000u\000a\000c\000i\000\363\000n}{appendix.Alph9}% 164
\BOOKMARK [1][-]{section.Alph9.4}{\376\377\000D\000i\000a\000g\000r\000a\000m\000a\000\040\000d\000e\000\040\000c\000l\000a\000s\000e\000s\000:\000\040\000M\000o\000t\000o\000r\000\040\000d\000e\000\040\000m\000\351\000t\000r\000i\000c\000a\000s}{appendix.Alph9}% 165
\BOOKMARK [0][-]{appendix*.74}{\376\377\000R\000e\000f\000e\000r\000e\000n\000c\000i\000a\000s}{}% 166
